

(Pdb) train_dataset_l[0]
("import java.util.*;\nimport java.math.*;\nimport static java.lang.Character.isDigit;\nimport static java.lang.Character.isLowerCase;\nimport static java.lang.Character.isUpperCase;\nimport static java.lang.Math.*;\nimport static java.math.BigInteger.*;\nimport static java.util.Arrays.*;\nimport static java.util.Collections.*;\nimport static java.lang.Character.isDigit;\n\npublic class Main{\n    public static void main(String[] args) {\n        new Main().run();\n    }\n    Scanner sc=new Scanner(System.in);\n    void run() {\n        int n=sc.nextInt();\n        char[] cs=sc.next().toCharArray();\n        int h=0;\n        for(int i=0;i<n;i++)if(cs[i]=='H')h++;\n        int res=n;\n        for(int i=0;i<n;i++) {\n            int val=0;\n            for(int j=0;j<h;j++)if(cs[(i+j)%n]=='T')val++;\n            res=min(res,val);\n        }\n        System.out.println(res);\n    }\n}\n", 3)
(Pdb) train_dataset_l.size()
*** AttributeError: 'SEMI_SSL_Dataset' object has no attribute 'size'
(Pdb) len(train_dataset_l)
35
(Pdb) len(train_dataset_u)
3876


################################################
################################################



(Pdb) iter(train_loader_l).next()
{'x': {'input_ids': tensor([[  101, 12324,  9262,  ...,  1007,  1063,   102],
        [  101, 12324,  9262,  ...,  6309,  3388,   102],
        [  101, 12324,  9262,  ..., 18715,  2368,   102],
        ...,
        [  101, 12324,  9262,  ...,  8117,  1006,   102],
        [  101, 12324,  9262,  ..., 20014,  1045,   102],
        [  101, 12324,  9262,  ...,  1027,  1014,   102]]), 'token_type_ids': tensor([[0, 0, 0,  ..., 0, 0, 0],
        [0, 0, 0,  ..., 0, 0, 0],
        [0, 0, 0,  ..., 0, 0, 0],
        ...,
        [0, 0, 0,  ..., 0, 0, 0],
        [0, 0, 0,  ..., 0, 0, 0],
        [0, 0, 0,  ..., 0, 0, 0]]), 'attention_mask': tensor([[1, 1, 1,  ..., 1, 1, 1],
        [1, 1, 1,  ..., 1, 1, 1],
        [1, 1, 1,  ..., 1, 1, 1],
        ...,
        [1, 1, 1,  ..., 1, 1, 1],
        [1, 1, 1,  ..., 1, 1, 1],
        [1, 1, 1,  ..., 1, 1, 1]])}, 'label': tensor([6, 3, 1, 2, 5, 0, 4])}





(Pdb) iter(train_loader_u).next()
{'x': {'input_ids': tensor([[  101, 12324,  9262,  ...,     0,     0,     0],
        [  101, 12324,  9262,  ...,  1061,  1011,   102],
        [  101, 12324,  9262,  ...,  2146,  1056,   102],
        ...,
        [  101, 12324,  9262,  ...,  1012,  6140,   102],
        [  101, 12324,  9262,  ...,     0,     0,     0],
        [  101, 12324,  9262,  ..., 15994,  1006,   102]]), 'token_type_ids': tensor([[0, 0, 0,  ..., 0, 0, 0],
        [0, 0, 0,  ..., 0, 0, 0],
        [0, 0, 0,  ..., 0, 0, 0],
        ...,
        [0, 0, 0,  ..., 0, 0, 0],
        [0, 0, 0,  ..., 0, 0, 0],
        [0, 0, 0,  ..., 0, 0, 0]]), 'attention_mask': tensor([[1, 1, 1,  ..., 0, 0, 0],
        [1, 1, 1,  ..., 1, 1, 1],
        [1, 1, 1,  ..., 1, 1, 1],
        ...,
        [1, 1, 1,  ..., 1, 1, 1],
        [1, 1, 1,  ..., 0, 0, 0],
        [1, 1, 1,  ..., 1, 1, 1]])}, 'label': tensor([1, 1, 0, 4, 4, 3, 5])}







